<?xml version="1.0" encoding="utf-8"?>
<?AutomationStudio Version=3.0?>
<Transfer xmlns="http://br-automation.co.at/AS/Transfer">
  <OperatingSystem Version="E4.92"/>
  <Hardware Target="SG4"/>
  <Operation Delete="MachinePro.br"/>
  <Operation Delete="MachineHMI.br"/>
  <Operation Delete="ErrorProg.br"/>
  <Operation Delete="ErrorLib.br"/>
  <Operation Delete="piper.br"/>
  <Operation Delete="AsIecCon.br"/>
  <Operation Delete="hmitools.br"/>
  <Operation Delete="AsArLog.br"/>
  <Operation Delete="FileIO.br"/>
  <Operation Delete="ringbuflib.br"/>
  <Operation Delete="logthat.br"/>
  <Operation Delete="stringext.br"/>
  <Operation Delete="ArEventLog.br"/>
  <Operation Delete="astime.br"/>
  <Operation Delete="sys_lib.br"/>
  <Operation Download="ashwd.br" Memory="SystemROM"/>
  <Operation Download="asfw.br" Memory="SystemROM"/>
  <Operation Download="arconfig.br" Memory="SystemROM"/>
  <Operation Download="sysconf.br" Memory="SystemROM"/>
  <Operation Restart="warm"/>
  <Operation Download="runtime.br" Memory="UserROM"/>
  <Operation Download="AsBrStr.br" Memory="UserROM"/>
  <Operation Download="sys_lib.br" Memory="UserROM"/>
  <Operation Download="astime.br" Memory="UserROM"/>
  <Operation Download="operator.br" Memory="UserROM"/>
  <Operation Download="ArEventLog.br" Memory="UserROM"/>
  <Operation Download="AsBrWStr.br" Memory="UserROM"/>
  <Operation Download="stringext.br" Memory="UserROM"/>
  <Operation Download="logthat.br" Memory="UserROM"/>
  <Operation Download="ringbuflib.br" Memory="UserROM"/>
  <Operation Download="FileIO.br" Memory="UserROM"/>
  <Operation Download="AsArLog.br" Memory="UserROM"/>
  <Operation Download="standard.br" Memory="UserROM"/>
  <Operation Download="hmitools.br" Memory="UserROM"/>
  <Operation Download="AsIecCon.br" Memory="UserROM"/>
  <Operation Download="piper.br" Memory="UserROM"/>
  <Operation Download="ErrorLib.br" Memory="UserROM"/>
  <Operation Download="ashwac.br" Memory="UserROM"/>
  <Operation Download="FWRules.br" Memory="UserROM"/>
  <Operation Download="iomap.br" Memory="UserROM"/>
  <Operation Download="Role.br" Memory="UserROM"/>
  <Operation Download="TCData.br" Memory="SystemROM"/>
  <Operation Download="udbdef.br" Memory="UserROM"/>
  <Operation Download="User.br" Memory="UserROM"/>
  <Operation Download="ErrorProg.br" Memory="UserROM"/>
  <Operation Download="MachineHMI.br" Memory="UserROM"/>
  <Operation Download="MachinePro.br" Memory="UserROM"/>
</Transfer>