C:\Projects\Loupe\ErrorLib\example\AsProject\ErrorProg\Logical\Global.typ
C:\Projects\Loupe\ErrorLib\example\AsProject\ErrorProg\Logical\Global.var
C:\Projects\Loupe\ErrorLib\example\AsProject\ErrorProg\Logical\Libraries\operator\operator.fun
C:\Projects\Loupe\ErrorLib\example\AsProject\ErrorProg\Logical\Libraries\operator\operator.typ
C:\Projects\Loupe\ErrorLib\example\AsProject\ErrorProg\Logical\Libraries\operator\operator.var
C:\Projects\Loupe\ErrorLib\example\AsProject\ErrorProg\Logical\Libraries\runtime\runtime.fun
C:\Projects\Loupe\ErrorLib\example\AsProject\ErrorProg\Logical\Libraries\runtime\runtime.typ
C:\Projects\Loupe\ErrorLib\example\AsProject\ErrorProg\Logical\Libraries\runtime\runtime.var
C:\Projects\Loupe\ErrorLib\example\AsProject\ErrorProg\Logical\Libraries\astime\astime.fun
C:\Projects\Loupe\ErrorLib\example\AsProject\ErrorProg\Logical\Libraries\astime\astime.typ
C:\Projects\Loupe\ErrorLib\example\AsProject\ErrorProg\Logical\Libraries\astime\astime.var
C:\Projects\Loupe\ErrorLib\example\AsProject\ErrorProg\Logical\Libraries\AsIecCon\AsIecCon.fun
C:\Projects\Loupe\ErrorLib\example\AsProject\ErrorProg\Logical\Libraries\AsIecCon\AsIecCon.typ
C:\Projects\Loupe\ErrorLib\example\AsProject\ErrorProg\Logical\Libraries\AsIecCon\AsIecCon.var
C:\Projects\Loupe\ErrorLib\example\AsProject\ErrorProg\Logical\Libraries\sys_lib\sys_lib.fun
C:\Projects\Loupe\ErrorLib\example\AsProject\ErrorProg\Logical\Libraries\sys_lib\sys_lib.typ
C:\Projects\Loupe\ErrorLib\example\AsProject\ErrorProg\Logical\Libraries\sys_lib\sys_lib.var
C:\Projects\Loupe\ErrorLib\example\AsProject\ErrorProg\Logical\Libraries\AsBrStr\AsBrStr.fun
C:\Projects\Loupe\ErrorLib\example\AsProject\ErrorProg\Logical\Libraries\AsBrStr\AsBrStr.typ
C:\Projects\Loupe\ErrorLib\example\AsProject\ErrorProg\Logical\Libraries\AsBrStr\AsBrStr.var
C:\Projects\Loupe\ErrorLib\example\AsProject\ErrorProg\Logical\Libraries\ArEventLog\ArEventLog.fun
C:\Projects\Loupe\ErrorLib\example\AsProject\ErrorProg\Logical\Libraries\ArEventLog\ArEventLog.typ
C:\Projects\Loupe\ErrorLib\example\AsProject\ErrorProg\Logical\Libraries\ArEventLog\ArEventLog.var
C:\Projects\Loupe\ErrorLib\example\AsProject\ErrorProg\Logical\Libraries\FileIO\FileIO.fun
C:\Projects\Loupe\ErrorLib\example\AsProject\ErrorProg\Logical\Libraries\FileIO\FileIO.typ
C:\Projects\Loupe\ErrorLib\example\AsProject\ErrorProg\Logical\Libraries\FileIO\FileIO.var
C:\Projects\Loupe\ErrorLib\example\AsProject\ErrorProg\Logical\Libraries\standard\standard.fun
C:\Projects\Loupe\ErrorLib\example\AsProject\ErrorProg\Logical\Libraries\standard\standard.typ
C:\Projects\Loupe\ErrorLib\example\AsProject\ErrorProg\Logical\Libraries\standard\standard.var
C:\Projects\Loupe\ErrorLib\example\AsProject\ErrorProg\Logical\Libraries\AsArLog\AsArLog.fun
C:\Projects\Loupe\ErrorLib\example\AsProject\ErrorProg\Logical\Libraries\AsArLog\AsArLog.typ
C:\Projects\Loupe\ErrorLib\example\AsProject\ErrorProg\Logical\Libraries\AsArLog\AsArLog.var
C:\Projects\Loupe\ErrorLib\example\AsProject\ErrorProg\Logical\Libraries\AsBrWStr\AsBrWStr.fun
C:\Projects\Loupe\ErrorLib\example\AsProject\ErrorProg\Logical\Libraries\AsBrWStr\AsBrWStr.typ
C:\Projects\Loupe\ErrorLib\example\AsProject\ErrorProg\Logical\Libraries\AsBrWStr\AsBrWStr.var
C:\Projects\Loupe\ErrorLib\src\Ar\ErrorLib\ErrorLib.typ
C:\Projects\Loupe\ErrorLib\src\Ar\ErrorLib\ErrorLib.var
C:\Projects\Loupe\ErrorLib\src\Ar\ErrorLib\ErrorLib.fun
C:\Projects\Loupe\ErrorLib\src\Ar\ErrorLib\ErrorLib_enum.typ
C:\Projects\Loupe\ErrorLib\src\Ar\ErrorLib\ErrorCollector.typ
C:\Projects\Loupe\ErrorLib\src\Ar\ErrorLib\ErrorCollector_HMI.typ
C:\Projects\Loupe\ErrorLib\example\AsProject\ErrorProg\Logical\Libraries\Loupe\piper\Piper.typ
C:\Projects\Loupe\ErrorLib\example\AsProject\ErrorProg\Logical\Libraries\Loupe\piper\Piper.var
C:\Projects\Loupe\ErrorLib\example\AsProject\ErrorProg\Logical\Libraries\Loupe\piper\Piper.fun
C:\Projects\Loupe\ErrorLib\example\AsProject\ErrorProg\Logical\Libraries\Loupe\logthat\Types.typ
C:\Projects\Loupe\ErrorLib\example\AsProject\ErrorProg\Logical\Libraries\Loupe\logthat\Constants.var
C:\Projects\Loupe\ErrorLib\example\AsProject\ErrorProg\Logical\Libraries\Loupe\logthat\LogThat.fun
C:\Projects\Loupe\ErrorLib\example\AsProject\ErrorProg\Logical\Libraries\Loupe\stringext\StringExt.typ
C:\Projects\Loupe\ErrorLib\example\AsProject\ErrorProg\Logical\Libraries\Loupe\stringext\StringExt.var
C:\Projects\Loupe\ErrorLib\example\AsProject\ErrorProg\Logical\Libraries\Loupe\stringext\StringExt.fun
C:\Projects\Loupe\ErrorLib\example\AsProject\ErrorProg\Logical\Libraries\Loupe\hmitools\HMITools.typ
C:\Projects\Loupe\ErrorLib\example\AsProject\ErrorProg\Logical\Libraries\Loupe\hmitools\HMITools.var
C:\Projects\Loupe\ErrorLib\example\AsProject\ErrorProg\Logical\Libraries\Loupe\hmitools\HMITools.fun
C:\Projects\Loupe\ErrorLib\example\AsProject\ErrorProg\Logical\Libraries\Loupe\hmitools\HMI_Basic.typ
C:\Projects\Loupe\ErrorLib\example\AsProject\ErrorProg\Logical\Libraries\Loupe\hmitools\HMI_Basic.var
C:\Projects\Loupe\ErrorLib\example\AsProject\ErrorProg\Logical\Libraries\Loupe\hmitools\HMI_File_Browse.typ
C:\Projects\Loupe\ErrorLib\example\AsProject\ErrorProg\Logical\Libraries\Loupe\hmitools\LogViewer.typ
C:\Projects\Loupe\ErrorLib\example\AsProject\ErrorProg\Logical\Libraries\Loupe\hmitools\EditorControl.typ
C:\Projects\Loupe\ErrorLib\example\AsProject\ErrorProg\Logical\Libraries\Loupe\hmitools\HMI_Trend.typ
C:\Projects\Loupe\ErrorLib\example\AsProject\ErrorProg\Logical\Libraries\Loupe\hmitools\RecipeMgr.typ
C:\Projects\Loupe\ErrorLib\example\AsProject\ErrorProg\Logical\Libraries\Loupe\hmitools\Updater.typ
C:\Projects\Loupe\ErrorLib\example\AsProject\ErrorProg\Logical\Libraries\Loupe\ringbuflib\RingBufLib.typ
C:\Projects\Loupe\ErrorLib\example\AsProject\ErrorProg\Logical\Libraries\Loupe\ringbuflib\RingBufLib.fun
C:\Projects\Loupe\ErrorLib\example\AsProject\ErrorProg\Logical\MachineControl\MachineControl.typ
C:\Projects\Loupe\ErrorLib\example\AsProject\ErrorProg\Logical\MachineControl\MachineControl.var
C:\Projects\Loupe\ErrorLib\src\Ar\Diagnostics\Diagnostics.var
